------------------------------------------------------------
Timing Analyzer Summary
------------------------------------------------------------

Type  : Slow 1100mV 100C Model Setup 'clk'
Slack : 0.687
TNS   : 0.000

Type  : Slow 1100mV 100C Model Hold 'clk'
Slack : 0.253
TNS   : 0.000

Type  : Slow 1100mV 100C Model Minimum Pulse Width 'clk'
Slack : 3.610
TNS   : 0.000

Type  : Slow 1100mV -40C Model Setup 'clk'
Slack : 0.332
TNS   : 0.000

Type  : Slow 1100mV -40C Model Hold 'clk'
Slack : 0.053
TNS   : 0.000

Type  : Slow 1100mV -40C Model Minimum Pulse Width 'clk'
Slack : 3.546
TNS   : 0.000

Type  : Fast 1100mV 100C Model Setup 'clk'
Slack : 5.242
TNS   : 0.000

Type  : Fast 1100mV 100C Model Hold 'clk'
Slack : 0.136
TNS   : 0.000

Type  : Fast 1100mV 100C Model Minimum Pulse Width 'clk'
Slack : 3.797
TNS   : 0.000

Type  : Fast 1100mV -40C Model Setup 'clk'
Slack : 5.842
TNS   : 0.000

Type  : Fast 1100mV -40C Model Hold 'clk'
Slack : 0.051
TNS   : 0.000

Type  : Fast 1100mV -40C Model Minimum Pulse Width 'clk'
Slack : 3.784
TNS   : 0.000

------------------------------------------------------------
