------------------------------------------------------------
Timing Analyzer Summary
------------------------------------------------------------

Type  : Slow 1100mV 100C Model Setup 'clk'
Slack : -3.194
TNS   : -92.469

Type  : Slow 1100mV 100C Model Hold 'clk'
Slack : 0.247
TNS   : 0.000

Type  : Slow 1100mV 100C Model Minimum Pulse Width 'clk'
Slack : 3.618
TNS   : 0.000

Type  : Slow 1100mV -40C Model Setup 'clk'
Slack : -3.844
TNS   : -107.438

Type  : Slow 1100mV -40C Model Hold 'clk'
Slack : 0.037
TNS   : 0.000

Type  : Slow 1100mV -40C Model Minimum Pulse Width 'clk'
Slack : 3.555
TNS   : 0.000

Type  : Fast 1100mV 100C Model Setup 'clk'
Slack : 2.998
TNS   : 0.000

Type  : Fast 1100mV 100C Model Hold 'clk'
Slack : 0.137
TNS   : 0.000

Type  : Fast 1100mV 100C Model Minimum Pulse Width 'clk'
Slack : 3.820
TNS   : 0.000

Type  : Fast 1100mV -40C Model Setup 'clk'
Slack : 3.934
TNS   : 0.000

Type  : Fast 1100mV -40C Model Hold 'clk'
Slack : 0.054
TNS   : 0.000

Type  : Fast 1100mV -40C Model Minimum Pulse Width 'clk'
Slack : 3.804
TNS   : 0.000

------------------------------------------------------------
